// Jest Snapshot v1, https://goo.gl/fbAQLP

exports[`renders the UI as expected 1`] = `
<section
  className="List"
>
  <header
    className="List-header"
  >
    <h3>
      This is a test header
    </h3>
  </header>
  <div
    className="List-cards"
  >
    <div
      className="Card"
    >
      <button
        type="button"
      >
        delete
      </button>
      <h3>
        First card
      </h3>
      <p>
        lorem ipsum
      </p>
    </div>
    <div
      className="Card"
    >
      <button
        type="button"
      >
        delete
      </button>
      <h3>
        Second card
      </h3>
      <p>
        lorem ipsum
      </p>
    </div>
  </div>
</section>
`;
